<!DOCTYPE html>
<html lang="en" dir="ltr">

<head>
  <meta charset="utf-8">
  <title></title>
  <link rel="stylesheet" href="master.css">

</head>

<body>
  <header id="HOME">
    <nav>
      <div class="logo">
        <h1>LOGO</h1>
      </div>
      <ul class="menu">
        <li>
          <a href="#" class="active">HOME</a>
        </li>
        <li>
          <a href="#SERVICES">SERVICES</a>
        </li>
        <li>
          <a href="#PORTFOLIO">PORTFOLIO</a>
        </li>
        <li>
          <a href="#ABOUT">ABOUT</a>
        </li>
        <li>
          <a href="#CONTACT">CONTACT</a>
        </li>
      </ul>
    </nav>
  </header>
  <main>
    <article class="SERVICES" id="SERVICES">
      <h1>SERVICES</h1>
      <h3>Proin iaculis purus consequat sem cure.</h3>
      <section>
        <img src="./images/service1.png" alt="">
        <h2>E-Commerce</h2>
        <p>Lorem ipsum dolor sit amet, consectetur adipisicing elit, sed do eiusmod tempor incididunt ut labore et dolore magna aliqua.</p>
      </section>
      <section>
        <img src="./images/service2.png" alt="">
        <h2>E-Commerce</h2>
        <p>Lorem ipsum dolor sit amet, consectetur adipisicing elit, sed do eiusmod tempor incididunt ut labore et dolore magna aliqua.</p>
      </section>
      <section>
        <img src="./images/service3.png" alt="">
        <h2>E-Commerce</h2>
        <p>Lorem ipsum dolor sit amet, consectetur adipisicing elit, sed do eiusmod tempor incididunt ut labore et dolore magna aliqua.</p>
      </section>
    </article>
    <article class="PORTFOLIO" id="PORTFOLIO">
      <h1>PORTFOLIO</h1>
      <h3>Proin iaculis purus consequat sem cure.</h3>
      <section>
        <div class="img">
          <img src="./images/port1.jpg" alt="">
        </div>
        <h4>Ebony & lvory</h4>
        <p>Branding</p>
      </section>
      <section>
        <div class="img">
          <img src="./images/port2.jpg" alt="">
        </div>
        <h4>Ebony & lvory</h4>
        <p>Branding</p>
      </section>
      <section>
        <div class="img">
          <img src="./images/port3.jpg" alt="">
        </div>
        <h4>Ebony & lvory</h4>
        <p>Branding</p>
      </section>
      <section>
        <div class="img">
          <img src="./images/port4.jpg" alt="">
        </div>
        <h4>Ebony & lvory</h4>
        <p>Branding</p>
      </section>
      <section>
        <div class="img">
          <img src="./images/port5.jpg" alt="">
        </div>
        <h4>Ebony & lvory</h4>
        <p>Branding</p>
      </section>
      <section>
        <div class="img">
          <img src="./images/port6.jpg" alt="">
        </div>
        <h4>Ebony & lvory</h4>
        <p>Branding</p>
      </section>
    </article>
    <article class="ABOUT" id="ABOUT">
      <h1>ABOUT</h1>
      <h3>Proin iaculis purus consequat sem cure.</h3>
      <section>
        <img src="./images/time-line-img.jpg" alt="">
        <div class="content">
          <h4>JULY 2010</h4>
          <h4>Our Humble Beginnings</h4>
          <p>Proin iaculis purus consequat sem cure digni ssim. Donec porttitora entum suscipit aenean rhoncus posuere odio in tincidunt. Proin iaculis purus consequat sem cure digni ssim. Donec porttitora entum suscipit.</p>
        </div>
      </section>
      <section>
        <img src="./images/time-line-img1.jpg" alt="">
        <div class="content">
          <h4>JULY 2010</h4>
          <h4>Our Humble Beginnings</h4>
          <p>Proin iaculis purus consequat sem cure digni ssim. Donec porttitora entum suscipit aenean rhoncus posuere odio in tincidunt. Proin iaculis purus consequat sem cure digni ssim. Donec porttitora entum suscipit.</p>
        </div>
      </section>
      <section>
        <img src="./images/time-line-img2.jpg" alt="">
        <div class="content">
          <h4>JULY 2010</h4>
          <h4>Our Humble Beginnings</h4>
          <p>Proin iaculis purus consequat sem cure digni ssim. Donec porttitora entum suscipit aenean rhoncus posuere odio in tincidunt. Proin iaculis purus consequat sem cure digni ssim. Donec porttitora entum suscipit.</p>
        </div>
      </section>
      <section>
        <img src="./images/time-line-img4.jpg" alt="">
        <div class="content">
          <h4>JULY 2010</h4>
          <h4>Our Humble Beginnings</h4>
          <p>Proin iaculis purus consequat sem cure digni ssim. Donec porttitora entum suscipit aenean rhoncus posuere odio in tincidunt. Proin iaculis purus consequat sem cure digni ssim. Donec porttitora entum suscipit.</p>
        </div>
      </section>
    </article>
    <article class="TEAM">
      <h1>OUR AMAZING TEAM</h1>
      <h3>Proin iaculis purus consequat sem cure.</h3>
      <section>
        <img src="./images/team-member1.jpg" alt="">
        <h4>Kimberly Thompson</h4>
        <p>Marketer</p>
        <div class="icon">
          <ul>
            <li><a href="#"></a></li>
            <li><a href="#"></a></li>
            <li><a href="#"></a></li>
          </ul>
        </div>
      </section>
      <section>
        <img src="./images/team-member2.jpg" alt="">
        <h4>Kimberly Thompson</h4>
        <p>Marketer</p>
        <div class="icon">
          <ul>
            <li><a href="#"></a></li>
            <li><a href="#"></a></li>
            <li><a href="#"></a></li>
          </ul>
        </div>
      </section>
      <section>
        <img src="./images/team-member3.jpg" alt="">
        <h4>Kimberly Thompson</h4>
        <p>Marketer</p>
        <div class="icon">
          <ul>
            <li><a href="#"></a></li>
            <li><a href="#"></a></li>
            <li><a href="#"></a></li>
          </ul>
        </div>
      </section>
      <i>
        Proin iaculis purus consequat sem cure digni ssim donec porttitora entum suscipit aenean rhoncus posuere odio in tincidunt proin iaculis.
      </i>
    </article>
    <div class="wrap">
      <ul>
        <li><img src="./images/c1.png" alt=""></li>
        <li><img src="./images/c2.png" alt=""></li>
        <li><img src="./images/c3.png" alt=""></li>
        <li><img src="./images/c4.png" alt=""></li>
      </ul>
    </div>

    <article class="CONTACT" id="CONTACT">
      <h1>CONTACT</h1>
      <h3>Proin iaculis purus consequat sem cure.</h3>
      <div class="form">
        <form class="" action="#" method="post">
          <div class="form-text">
            <input type="text" name="" value="" placeholder="Name">
            <input type="text" name="" value="" placeholder="E-mail">
            <input type="text" name="" value="" placeholder="Website">
          </div>
          <textarea name="name" placeholder="Your Message"></textarea>
          <div class="clear"> </div>
          <input type="submit" name="" value="SEND MESSAGE">
        </form>
      </div>
    </article>
  </main>
  <footer>
    <div class="footer">
      <div class="footer_l">
        <p>Â© Copyright 2018 Template.</p>
      </div>
      <div class="footer_r">
        <ul>
          <li><a href="#"></a></li>
          <li><a href="#"></a></li>
          <li><a href="#"></a></li>
          <li><a href="#"></a></li>
        </ul>
      </div>
    </div>
  </footer>
  <a href="#" id="toTop" style="display: block;"><span id="toTopHover" style="opacity: 1;"></span></a>
  <script src="jquery-3.3.1.min.js" charset="utf-8"></script>
  <script src="master.js" charset="utf-8"></script>
</body>

</html>
